I'm sorry, but errors were detected in your script. Please correct the
errors listed below, and try again.


File "game/script.rpy", line 24: Line is indented, but the preceding scene statement statement does not expect a block. Please check this line's indentation. You may have forgotten a colon (:).
    zoom 1.2
    ^

Ren'Py Version: Ren'Py 8.3.7.25031702
Sat Mar 22 15:45:43 2025
